2026-04-04 23:23:24 | INFO     | ==========================================================================================
2026-04-04 23:23:24 | INFO     | Logger initialized
2026-04-04 23:23:24 | INFO     | Log file: C:\CodeProjects\github_telman\rop-estimation\outputs\logs\rop_pipeline.log
2026-04-04 23:23:24 | INFO     | ==========================================================================================
2026-04-04 23:23:24 | INFO     | START | MAIN PIPELINE
2026-04-04 23:23:24 | INFO     | START | Build data artifacts
2026-04-04 23:23:24 | INFO     | START | Data stage 1 - Load and standardize
2026-04-04 23:23:24 | INFO     | START | Load CSV data
2026-04-04 23:23:24 | INFO     | Reading CSV from: C:\CodeProjects\github_telman\rop-estimation\data\DrillingParameters.csv
2026-04-04 23:23:24 | INFO     | raw_loaded_df | shape=(9040, 11) | columns=11 | total_missing=399
2026-04-04 23:23:24 | INFO     | Checking first row for units...
2026-04-04 23:23:24 | INFO     | Units row detected and removed. Extracted 9 unit entries.
2026-04-04 23:23:24 | INFO     | Units extracted count: 9
2026-04-04 23:23:24 | INFO     | END   | Load CSV data | elapsed=0.07 sec
2026-04-04 23:23:24 | INFO     | START | Standardize dataframe
2026-04-04 23:23:24 | INFO     | Standardized columns: ['wellname', 'depth', 'wob', 'rpm', 'torque', 'flowrate', 'spp', 'rop', 'mw_in', 'mw_out', 'bitsize']
2026-04-04 23:23:24 | INFO     | Torque scaled for wellname=2.0 rows: 4598
2026-04-04 23:23:24 | INFO     | standardized_df | shape=(9039, 11) | columns=11 | total_missing=398
2026-04-04 23:23:24 | INFO     | END   | Standardize dataframe | elapsed=0.04 sec
2026-04-04 23:23:24 | INFO     | END   | Data stage 1 - Load and standardize | elapsed=0.11 sec
2026-04-04 23:23:24 | INFO     | START | Data stage 2 - Cleaning before imputation
2026-04-04 23:23:24 | INFO     | Cleaning BEFORE imputation started
2026-04-04 23:23:24 | INFO     | START | Outlier replacement with NaN
2026-04-04 23:23:24 | INFO     | Outlier cleaning | column=depth | added_nan=0 | lower=-2294.50000 | upper=6901.50000
2026-04-04 23:23:24 | INFO     | Outlier cleaning | column=wob | added_nan=2 | lower=-7.10000 | upper=44.10000
2026-04-04 23:23:24 | INFO     | Outlier cleaning | column=rpm | added_nan=566 | lower=59.50000 | upper=199.50000
2026-04-04 23:23:24 | INFO     | Outlier cleaning | column=torque | added_nan=180 | lower=-1450.00000 | upper=10070.00000
2026-04-04 23:23:24 | INFO     | Outlier cleaning | column=flowrate | added_nan=0 | lower=-121.45002 | upper=1498.79003
2026-04-04 23:23:24 | INFO     | Outlier cleaning | column=spp | added_nan=562 | lower=1783.50000 | upper=3523.50000
2026-04-04 23:23:24 | INFO     | Outlier cleaning | column=rop | added_nan=617 | lower=-7.55000 | upper=17.17000
2026-04-04 23:23:24 | INFO     | Outlier cleaning | column=mw_in | added_nan=14 | lower=19.50000 | upper=167.50000
2026-04-04 23:23:24 | INFO     | Outlier cleaning | column=mw_out | added_nan=31 | lower=17.74874 | upper=169.53876
2026-04-04 23:23:24 | INFO     | Total outlier values replaced with NaN: 1972
2026-04-04 23:23:24 | INFO     | cleaned_df_after_outlier_replacement | shape=(9039, 11) | columns=11 | total_missing=2370
2026-04-04 23:23:24 | INFO     | END   | Outlier replacement with NaN | elapsed=0.02 sec
2026-04-04 23:23:24 | INFO     | Cleaning BEFORE imputation finished
2026-04-04 23:23:24 | INFO     | END   | Data stage 2 - Cleaning before imputation | elapsed=0.02 sec
2026-04-04 23:23:24 | INFO     | START | Data stage 3 - Imputation
2026-04-04 23:23:24 | INFO     | Imputation started
2026-04-04 23:23:24 | INFO     | START | ML imputation pipeline
2026-04-04 23:23:24 | INFO     | Imputation input | rows=9039 | numeric_cols=9 | categorical_cols=2
2026-04-04 23:23:24 | INFO     | Missing values before imputation: 2370
2026-04-04 23:23:24 | INFO     | START | Imputation step 1/3 - Encode categorical variables
2026-04-04 23:23:24 | INFO     | END   | Imputation step 1/3 - Encode categorical variables | elapsed=0.01 sec
2026-04-04 23:23:24 | INFO     | START | Imputation step 2/3 - IterativeImputer fit_transform
2026-04-04 23:23:31 | INFO     | END   | Imputation step 2/3 - IterativeImputer fit_transform | elapsed=7.38 sec
2026-04-04 23:23:31 | INFO     | START | Imputation step 3/3 - Restore categorical variables
2026-04-04 23:23:31 | INFO     | END   | Imputation step 3/3 - Restore categorical variables | elapsed=0.01 sec
2026-04-04 23:23:31 | INFO     | Missing values after imputation: 0
2026-04-04 23:23:31 | INFO     | imputed_df | shape=(9039, 11) | columns=11 | total_missing=0
2026-04-04 23:23:31 | INFO     | END   | ML imputation pipeline | elapsed=7.39 sec
2026-04-04 23:23:31 | INFO     | Imputation finished
2026-04-04 23:23:31 | INFO     | END   | Data stage 3 - Imputation | elapsed=7.43 sec
2026-04-04 23:23:31 | INFO     | START | Data stage 4 - Post-imputation smoothing / cleaning after imputation
2026-04-04 23:23:31 | INFO     | Cleaning AFTER imputation started
2026-04-04 23:23:31 | INFO     | START | Smooth target by well
2026-04-04 23:23:31 | INFO     | Applied rolling mean smoothing | target=rop | group=wellname | window=10
2026-04-04 23:23:31 | INFO     | END   | Smooth target by well | elapsed=0.00 sec
2026-04-04 23:23:31 | INFO     | Cleaning AFTER imputation finished
2026-04-04 23:23:31 | INFO     | END   | Data stage 4 - Post-imputation smoothing / cleaning after imputation | elapsed=0.00 sec
2026-04-04 23:23:31 | INFO     | final_raw_df | shape=(9039, 11) | columns=11 | total_missing=398
2026-04-04 23:23:31 | INFO     | final_cleaned_df | shape=(9039, 11) | columns=11 | total_missing=2370
2026-04-04 23:23:31 | INFO     | final_imputed_df | shape=(9039, 11) | columns=11 | total_missing=0
2026-04-04 23:23:31 | INFO     | END   | Build data artifacts | elapsed=7.56 sec
2026-04-04 23:23:31 | INFO     | START | Build split artifacts
2026-04-04 23:23:31 | INFO     | START | Prepare ML data and interval-block train/test split within wells
2026-04-04 23:23:31 | INFO     | Initial ML dataframe shape: (9039, 11)
2026-04-04 23:23:31 | WARNING  | Ignoring protected columns in drop_cols before split: ['depth', 'wellname']
2026-04-04 23:23:31 | INFO     | Dropping columns before split: ['mw_out']
2026-04-04 23:23:31 | INFO     | Well '1.0': 4441 rows | 149 blocks | 45 test blocks
2026-04-04 23:23:31 | INFO     | Well '2.0': 4598 rows | 154 blocks | 47 test blocks
2026-04-04 23:23:31 | INFO     | X_train shape: (6279, 7) | X_test shape: (2760, 7)
2026-04-04 23:23:31 | INFO     | y_train shape: (6279,) | y_test shape: (2760,)
2026-04-04 23:23:31 | INFO     | Categorical features: ['bitsize']
2026-04-04 23:23:31 | INFO     | Numeric features count: 6
2026-04-04 23:23:31 | INFO     | END   | Prepare ML data and interval-block train/test split within wells | elapsed=0.01 sec
2026-04-04 23:23:31 | INFO     | END   | Build split artifacts | elapsed=0.01 sec
2026-04-04 23:23:31 | INFO     | Starting model: ridge
2026-04-04 23:23:31 | INFO     | START | Run Ridge Regression
2026-04-04 23:23:31 | INFO     | Ridge metrics: {'train_r2': 0.47934440187796834, 'test_mae': 2.2741377449987925, 'test_mse': 8.437571960529963, 'test_rmse': np.float64(2.90474989638178), 'test_r2': 0.4029318613521077}
2026-04-04 23:23:31 | INFO     | END   | Run Ridge Regression | elapsed=0.02 sec
2026-04-04 23:23:31 | INFO     | Finished model: ridge
2026-04-04 23:23:31 | INFO     | Starting model: gbr
2026-04-04 23:23:31 | INFO     | START | Run Gradient Boosting Regressor
2026-04-04 23:23:31 | INFO     | START | Train Gradient Boosting Regressor with Bayesian search
2026-04-04 23:23:42 | INFO     | GBR best params: OrderedDict({'model__learning_rate': 0.03705491779715134, 'model__loss': 'absolute_error', 'model__max_depth': 2, 'model__max_features': 'sqrt', 'model__min_samples_leaf': 8, 'model__min_samples_split': 24, 'model__n_estimators': 70, 'model__n_iter_no_change': 13, 'model__subsample': 0.7393351057584503, 'model__tol': 0.0008839220247589657, 'model__validation_fraction': 0.1703467531106304})
2026-04-04 23:23:42 | INFO     | GBR metrics | train_r2=0.5438 | test_r2=0.4539 | mae=2.1014 | rmse=2.7780
2026-04-04 23:23:42 | INFO     | END   | Train Gradient Boosting Regressor with Bayesian search | elapsed=10.42 sec
2026-04-04 23:23:42 | INFO     | START | GBR permutation importance
2026-04-04 23:23:42 | INFO     | END   | GBR permutation importance | elapsed=0.17 sec
2026-04-04 23:23:42 | INFO     | START | GBR SHAP importance
2026-04-04 23:23:43 | INFO     | END   | GBR SHAP importance | elapsed=1.17 sec
2026-04-04 23:23:43 | INFO     | END   | Run Gradient Boosting Regressor | elapsed=11.77 sec
2026-04-04 23:23:43 | INFO     | Finished model: gbr
2026-04-04 23:23:43 | INFO     | Starting model: hgbr
2026-04-04 23:23:43 | INFO     | START | Run Hist Gradient Boosting Regressor
2026-04-04 23:23:43 | INFO     | START | Train Hist Gradient Boosting Regressor with Bayesian search
2026-04-04 23:24:09 | INFO     | HGBR best params: OrderedDict({'model__l2_regularization': 1.3143839143527278, 'model__learning_rate': 0.020000000000000004, 'model__loss': 'squared_error', 'model__max_depth': 2, 'model__max_iter': 300, 'model__max_leaf_nodes': 31, 'model__min_samples_leaf': 80, 'model__n_iter_no_change': 10, 'model__tol': 6.185326471010234e-05, 'model__validation_fraction': 0.25})
2026-04-04 23:24:09 | INFO     | HGBR metrics | train_r2=0.6751 | test_r2=0.5449 | mae=1.9575 | rmse=2.5360
2026-04-04 23:24:09 | INFO     | END   | Train Hist Gradient Boosting Regressor with Bayesian search | elapsed=25.86 sec
2026-04-04 23:24:09 | INFO     | START | HGBR permutation importance
2026-04-04 23:24:10 | INFO     | END   | HGBR permutation importance | elapsed=0.82 sec
2026-04-04 23:24:10 | INFO     | START | HGBR SHAP importance
2026-04-04 23:24:10 | INFO     | END   | HGBR SHAP importance | elapsed=0.20 sec
2026-04-04 23:24:10 | INFO     | END   | Run Hist Gradient Boosting Regressor | elapsed=26.90 sec
2026-04-04 23:24:10 | INFO     | Finished model: hgbr
2026-04-04 23:24:10 | INFO     | Starting model: svr
2026-04-04 23:24:10 | INFO     | START | Run Support Vector Regressor
2026-04-04 23:24:10 | INFO     | START | Train SVR model
2026-04-04 23:24:19 | INFO     | SVR params | C=100 | epsilon=0.001 | kernel=rbf
2026-04-04 23:24:19 | INFO     | SVR metrics | train_r2=0.8390 | test_r2=0.6387
2026-04-04 23:24:19 | INFO     | END   | Train SVR model | elapsed=8.87 sec
2026-04-04 23:24:19 | INFO     | SVR final metrics: {'train_r2': 0.8389802439375325, 'test_r2': 0.638747890207024, 'test_mae': 1.601796747689544, 'test_mse': 5.1050968473617555, 'test_rmse': np.float64(2.259446137300413)}
2026-04-04 23:24:19 | INFO     | END   | Run Support Vector Regressor | elapsed=8.87 sec
2026-04-04 23:24:19 | INFO     | Finished model: svr
2026-04-04 23:24:19 | INFO     | Starting model: ann
2026-04-04 23:24:19 | INFO     | START | Run ANN Model
2026-04-04 23:24:19 | INFO     | START | Train ANN model
2026-04-04 23:24:19 | INFO     | ANN training started | epochs=200 | batch_size=32 | validation_split=0.20 | input_dim=12
2026-04-04 23:24:25 | INFO     | ANN metrics | train_r2=0.6278 | test_r2=0.5119 | test_mae=1.9899 | test_rmse=2.6263
2026-04-04 23:24:25 | INFO     | END   | Train ANN model | elapsed=6.39 sec
2026-04-04 23:24:25 | INFO     | ANN final metrics: {'train_mae': 1.6213233470916748, 'train_r2': 0.627777099609375, 'test_mae': 1.9899132251739502, 'test_mse': 6.897231578826904, 'test_rmse': np.float64(2.626258094480987), 'test_r2': 0.5119310021400452}
2026-04-04 23:24:25 | INFO     | END   | Run ANN Model | elapsed=6.39 sec
2026-04-04 23:24:25 | INFO     | Finished model: ann
2026-04-04 23:24:25 | INFO     | Models completed successfully: ['ridge', 'gbr', 'hgbr', 'svr', 'ann']
2026-04-04 23:24:25 | INFO     | Results collected for models: ['ridge', 'gbr', 'hgbr', 'svr', 'ann']
2026-04-04 23:24:25 | INFO     | Preparing to save Excel. Models available: ['ridge', 'gbr', 'hgbr', 'svr', 'ann']
2026-04-04 23:24:26 | INFO     | Writing Excel content for model: ridge
2026-04-04 23:24:26 | INFO     | Metrics shape for ridge: (1, 5)
2026-04-04 23:24:26 | INFO     | Writing Excel content for model: gbr
2026-04-04 23:24:26 | INFO     | Metrics shape for gbr: (1, 6)
2026-04-04 23:24:26 | INFO     | Writing CV results for gbr | shape=(5, 26)
2026-04-04 23:24:26 | INFO     | Writing extra table for gbr | sheet=gbr_built_in_feature_importance | shape=(12, 2)
2026-04-04 23:24:26 | INFO     | Writing extra table for gbr | sheet=gbr_permutation_importance | shape=(7, 3)
2026-04-04 23:24:26 | INFO     | Writing extra table for gbr | sheet=gbr_shap_importance | shape=(12, 2)
2026-04-04 23:24:26 | INFO     | Writing Excel content for model: hgbr
2026-04-04 23:24:26 | INFO     | Metrics shape for hgbr: (1, 10)
2026-04-04 23:24:26 | INFO     | Writing CV results for hgbr | shape=(20, 27)
2026-04-04 23:24:26 | INFO     | Writing extra table for hgbr | sheet=hgbr_permutation_importance | shape=(7, 3)
2026-04-04 23:24:26 | INFO     | Writing extra table for hgbr | sheet=hgbr_shap_importance | shape=(12, 2)
2026-04-04 23:24:26 | INFO     | Writing Excel content for model: svr
2026-04-04 23:24:26 | INFO     | Metrics shape for svr: (1, 5)
2026-04-04 23:24:26 | INFO     | Writing Excel content for model: ann
2026-04-04 23:24:26 | INFO     | Metrics shape for ann: (1, 6)
2026-04-04 23:24:26 | INFO     | Excel saved successfully to: C:\CodeProjects\github_telman\rop-estimation\outputs\model_results.xlsx
2026-04-04 23:24:26 | INFO     | START | Generate plot outputs
2026-04-04 23:24:26 | INFO     | EDA plots directory: C:\CodeProjects\github_telman\rop-estimation\outputs\plots\EDA
2026-04-04 23:24:26 | INFO     | Metrics plots directory: C:\CodeProjects\github_telman\rop-estimation\outputs\plots\Metrics
2026-04-04 23:24:26 | INFO     | START | Generate EDA plots
2026-04-04 23:24:26 | INFO     | Generating cleaning / preprocessing / imputation plots into EDA folder
2026-04-04 23:24:30 | INFO     | END   | Generate EDA plots | elapsed=4.20 sec
2026-04-04 23:24:30 | INFO     | START | Generate EDA well logs
2026-04-04 23:24:30 | INFO     | Generating EDA well log plot for well_name=1.0
2026-04-04 23:24:31 | INFO     | Generating EDA well log plot for well_name=2.0
2026-04-04 23:24:32 | INFO     | END   | Generate EDA well logs | elapsed=1.74 sec
2026-04-04 23:24:32 | INFO     | START | Generate model metric plots
2026-04-04 23:24:32 | INFO     | Generating model evaluation plots into Metrics folder
2026-04-04 23:24:38 | INFO     | END   | Generate model metric plots | elapsed=6.10 sec
2026-04-04 23:24:38 | INFO     | START | Generate ANN training history plots
2026-04-04 23:24:38 | INFO     | END   | Generate ANN training history plots | elapsed=0.32 sec
2026-04-04 23:24:38 | INFO     | START | Generate GBR feature importance plot
2026-04-04 23:24:38 | INFO     | END   | Generate GBR feature importance plot | elapsed=0.25 sec
2026-04-04 23:24:38 | INFO     | Generated 26 plot files in total.
2026-04-04 23:24:38 | INFO     | END   | Generate plot outputs | elapsed=12.60 sec
2026-04-04 23:24:38 | INFO     | END   | MAIN PIPELINE | elapsed=74.55 sec
2026-04-04 23:24:38 | INFO     | Saved Excel results to: C:\CodeProjects\github_telman\rop-estimation\outputs\model_results.xlsx
2026-04-04 23:24:38 | INFO     | Saved 26 visual outputs to: C:\CodeProjects\github_telman\rop-estimation\outputs\plots
2026-04-04 23:24:38 | INFO     | TOTAL SCRIPT TIME: 74.55 sec
